2025-12-29 08:55:16 [main] INFO  c.a.nacos.client.utils.ParamUtil - [settings] [req-serv] nacos-server port:8848
2025-12-29 08:55:16 [main] INFO  c.a.nacos.client.utils.ParamUtil - [settings] [http-client] connect timeout:1000
2025-12-29 08:55:16 [main] INFO  c.a.nacos.client.utils.ParamUtil - PER_TASK_CONFIG_SIZE: 3000.0
2025-12-29 08:55:16 [Thread-2] INFO  c.a.n.c.a.r.i.CredentialWatcher - null No credential found
2025-12-29 08:55:17 [main] INFO  com.alibaba.nacos.common.labels - DefaultLabelsCollectorManager get labels.....
2025-12-29 08:55:17 [main] INFO  com.alibaba.nacos.common.labels - Process LabelsCollector with [name:defaultNacosLabelsCollector]
2025-12-29 08:55:17 [main] INFO  com.alibaba.nacos.common.labels - default nacos collect properties raw labels: null
2025-12-29 08:55:17 [main] INFO  com.alibaba.nacos.common.labels - default nacos collect properties labels: {}
2025-12-29 08:55:17 [main] INFO  com.alibaba.nacos.common.labels - default nacos collect jvm raw labels: null
2025-12-29 08:55:17 [main] INFO  com.alibaba.nacos.common.labels - default nacos collect jvm labels: {}
2025-12-29 08:55:17 [main] INFO  com.alibaba.nacos.common.labels - default nacos collect env raw labels: null
2025-12-29 08:55:17 [main] INFO  com.alibaba.nacos.common.labels - default nacos collect env labels: {}
2025-12-29 08:55:17 [main] INFO  com.alibaba.nacos.common.labels - DefaultLabelsCollectorManager get labels finished,labels :{}
2025-12-29 08:55:17 [main] INFO  c.a.n.p.a.s.c.ClientAuthPluginManager - [ClientAuthPluginManager] Load ClientAuthService com.alibaba.nacos.client.auth.impl.NacosClientAuthServiceImpl success.
2025-12-29 08:55:17 [main] INFO  c.a.n.p.a.s.c.ClientAuthPluginManager - [ClientAuthPluginManager] Load ClientAuthService com.alibaba.nacos.client.auth.ram.RamClientAuthServiceImpl success.
2025-12-29 08:55:18 [main] INFO  c.a.n.c.c.i.LocalConfigInfoProcessor - LOCAL_SNAPSHOT_PATH:C:\Users\24148\nacos\config
2025-12-29 08:55:18 [main] INFO  c.alibaba.nacos.common.remote.client - [RpcClientFactory] create a new rpc client of 502b9077-f584-407c-a080-d3c5bb119ece_config-0
2025-12-29 08:55:18 [main] INFO  c.alibaba.nacos.common.remote.client - [502b9077-f584-407c-a080-d3c5bb119ece_config-0] Register server push request handler:com.alibaba.nacos.client.config.impl.ClientWorker$ConfigRpcTransportClient$$Lambda$934/0x0000000800faf9a8
2025-12-29 08:55:18 [main] INFO  c.alibaba.nacos.common.remote.client - [502b9077-f584-407c-a080-d3c5bb119ece_config-0] Register server push request handler:com.alibaba.nacos.client.config.impl.ClientWorker$ConfigRpcTransportClient$$Lambda$935/0x0000000800fafdc8
2025-12-29 08:55:18 [main] INFO  c.alibaba.nacos.common.remote.client - [502b9077-f584-407c-a080-d3c5bb119ece_config-0] Registry connection listener to current client:com.alibaba.nacos.client.config.impl.ClientWorker$ConfigRpcTransportClient$1
2025-12-29 08:55:18 [main] INFO  c.alibaba.nacos.common.remote.client - [502b9077-f584-407c-a080-d3c5bb119ece_config-0] RpcClient init, ServerListFactory = com.alibaba.nacos.client.config.impl.ClientWorker$ConfigRpcTransportClient$2
2025-12-29 08:55:18 [main] INFO  c.alibaba.nacos.common.remote.client - [502b9077-f584-407c-a080-d3c5bb119ece_config-0] Try to connect to server on start up, server: {serverIp = '127.0.0.1', server main port = 8848}
2025-12-29 08:55:18 [main] INFO  c.a.n.c.r.client.grpc.GrpcClient - grpc client connection server:127.0.0.1 ip,serverPort:9848,grpcTslConfig:{"sslProvider":"","enableTls":false,"mutualAuthEnable":false,"trustAll":false}
2025-12-29 08:55:21 [main] INFO  c.a.n.c.a.AbstractAbilityControlManager - Ready to get current node abilities...
2025-12-29 08:55:21 [main] INFO  c.a.n.c.a.AbstractAbilityControlManager - Ready to initialize current node abilities, support modes: [SDK_CLIENT]
2025-12-29 08:55:21 [main] INFO  c.a.n.c.a.AbstractAbilityControlManager - Initialize current abilities finish...
2025-12-29 08:55:21 [main] INFO  c.a.n.c.a.d.NacosAbilityManagerHolder - [AbilityControlManager] Successfully initialize AbilityControlManager
2025-12-29 08:55:21 [main] INFO  c.alibaba.nacos.common.remote.client - [502b9077-f584-407c-a080-d3c5bb119ece_config-0] Success to connect to server [127.0.0.1:8848] on start up, connectionId = 1766969720928_127.0.0.1_50822
2025-12-29 08:55:21 [com.alibaba.nacos.client.remote.worker.0] INFO  c.alibaba.nacos.common.remote.client - [502b9077-f584-407c-a080-d3c5bb119ece_config-0] Notify connected event to listeners.
2025-12-29 08:55:21 [com.alibaba.nacos.client.remote.worker.0] INFO  c.a.n.c.config.impl.ClientWorker - [502b9077-f584-407c-a080-d3c5bb119ece_config-0] Connected,notify listen context...
2025-12-29 08:55:21 [main] INFO  c.alibaba.nacos.common.remote.client - [502b9077-f584-407c-a080-d3c5bb119ece_config-0] Register server push request handler:com.alibaba.nacos.common.remote.client.RpcClient$ConnectResetRequestHandler
2025-12-29 08:55:21 [main] INFO  c.alibaba.nacos.common.remote.client - [502b9077-f584-407c-a080-d3c5bb119ece_config-0] Register server push request handler:com.alibaba.nacos.common.remote.client.RpcClient$$Lambda$950/0x00000008010f7888
2025-12-29 08:55:21 [main] INFO  c.a.nacos.client.config.impl.Limiter - limitTime:5.0
2025-12-29 08:55:21 [main] WARN  c.a.c.n.c.NacosPropertySourceBuilder - Ignore the empty nacos configuration and get it based on dataId[chat] & group[DEFAULT_GROUP]
2025-12-29 08:55:21 [main] WARN  c.a.c.n.c.NacosPropertySourceBuilder - Ignore the empty nacos configuration and get it based on dataId[chat.properties] & group[DEFAULT_GROUP]
2025-12-29 08:55:21 [main] INFO  o.s.c.b.c.PropertySourceBootstrapConfiguration - Located property source: [BootstrapPropertySource {name='bootstrapProperties-chat.properties,DEFAULT_GROUP'}, BootstrapPropertySource {name='bootstrapProperties-chat,DEFAULT_GROUP'}]
2025-12-29 08:55:22 [main] INFO  c.e.common.CommonApplicationTests - No active profile set, falling back to 1 default profile: "default"
2025-12-29 08:55:25 [main] INFO  o.s.d.r.c.RepositoryConfigurationDelegate - Multiple Spring Data modules found, entering strict repository configuration mode
2025-12-29 08:55:25 [main] INFO  o.s.d.r.c.RepositoryConfigurationDelegate - Bootstrapping Spring Data JDBC repositories in DEFAULT mode.
2025-12-29 08:55:25 [main] INFO  o.s.d.r.c.RepositoryConfigurationDelegate - Finished Spring Data repository scanning in 38 ms. Found 0 JDBC repository interfaces.
2025-12-29 08:55:25 [main] INFO  o.s.d.r.c.RepositoryConfigurationDelegate - Multiple Spring Data modules found, entering strict repository configuration mode
2025-12-29 08:55:25 [main] INFO  o.s.d.r.c.RepositoryConfigurationDelegate - Bootstrapping Spring Data JPA repositories in DEFAULT mode.
2025-12-29 08:55:25 [main] INFO  o.s.d.r.c.RepositoryConfigurationDelegate - Finished Spring Data repository scanning in 18 ms. Found 0 JPA repository interfaces.
2025-12-29 08:55:27 [main] INFO  o.s.cloud.context.scope.GenericScope - BeanFactory id=949bd8f3-9689-3304-9e49-888fef85e4c9
2025-12-29 08:55:28 [main] WARN  o.s.c.s.PostProcessorRegistrationDelegate$BeanPostProcessorChecker - Bean 'org.springframework.cloud.client.loadbalancer.LoadBalancerAutoConfiguration$LoadBalancerInterceptorConfig' of type [org.springframework.cloud.client.loadbalancer.LoadBalancerAutoConfiguration$LoadBalancerInterceptorConfig] is not eligible for getting processed by all BeanPostProcessors (for example: not eligible for auto-proxying). The currently created BeanPostProcessor [lbRestClientPostProcessor] is declared through a non-static factory method on that class; consider declaring it as static instead.
2025-12-29 08:55:28 [main] WARN  o.s.c.s.PostProcessorRegistrationDelegate$BeanPostProcessorChecker - Bean 'org.springframework.cloud.loadbalancer.config.BlockingLoadBalancerClientAutoConfiguration' of type [org.springframework.cloud.loadbalancer.config.BlockingLoadBalancerClientAutoConfiguration] is not eligible for getting processed by all BeanPostProcessors (for example: not eligible for auto-proxying). Is this bean getting eagerly injected into a currently created BeanPostProcessor [lbRestClientPostProcessor]? Check the corresponding BeanPostProcessor declaration and its dependencies.
2025-12-29 08:55:28 [main] WARN  o.s.c.s.PostProcessorRegistrationDelegate$BeanPostProcessorChecker - Bean 'org.springframework.cloud.loadbalancer.config.LoadBalancerAutoConfiguration' of type [org.springframework.cloud.loadbalancer.config.LoadBalancerAutoConfiguration] is not eligible for getting processed by all BeanPostProcessors (for example: not eligible for auto-proxying). Is this bean getting eagerly injected into a currently created BeanPostProcessor [lbRestClientPostProcessor]? Check the corresponding BeanPostProcessor declaration and its dependencies.
2025-12-29 08:55:28 [main] WARN  o.s.c.s.PostProcessorRegistrationDelegate$BeanPostProcessorChecker - Bean 'org.springframework.cloud.commons.config.CommonsConfigAutoConfiguration' of type [org.springframework.cloud.commons.config.CommonsConfigAutoConfiguration] is not eligible for getting processed by all BeanPostProcessors (for example: not eligible for auto-proxying). Is this bean getting eagerly injected into a currently created BeanPostProcessor [lbRestClientPostProcessor]? Check the corresponding BeanPostProcessor declaration and its dependencies.
2025-12-29 08:55:28 [main] WARN  o.s.c.s.PostProcessorRegistrationDelegate$BeanPostProcessorChecker - Bean 'org.springframework.cloud.client.loadbalancer.LoadBalancerDefaultMappingsProviderAutoConfiguration' of type [org.springframework.cloud.client.loadbalancer.LoadBalancerDefaultMappingsProviderAutoConfiguration] is not eligible for getting processed by all BeanPostProcessors (for example: not eligible for auto-proxying). Is this bean getting eagerly injected into a currently created BeanPostProcessor [lbRestClientPostProcessor]? Check the corresponding BeanPostProcessor declaration and its dependencies.
2025-12-29 08:55:28 [main] WARN  o.s.c.s.PostProcessorRegistrationDelegate$BeanPostProcessorChecker - Bean 'loadBalancerClientsDefaultsMappingsProvider' of type [org.springframework.cloud.client.loadbalancer.LoadBalancerDefaultMappingsProviderAutoConfiguration$$Lambda$1103/0x000000080129f8f0] is not eligible for getting processed by all BeanPostProcessors (for example: not eligible for auto-proxying). Is this bean getting eagerly injected into a currently created BeanPostProcessor [lbRestClientPostProcessor]? Check the corresponding BeanPostProcessor declaration and its dependencies.
2025-12-29 08:55:28 [main] WARN  o.s.c.s.PostProcessorRegistrationDelegate$BeanPostProcessorChecker - Bean 'defaultsBindHandlerAdvisor' of type [org.springframework.cloud.commons.config.DefaultsBindHandlerAdvisor] is not eligible for getting processed by all BeanPostProcessors (for example: not eligible for auto-proxying). Is this bean getting eagerly injected into a currently created BeanPostProcessor [lbRestClientPostProcessor]? Check the corresponding BeanPostProcessor declaration and its dependencies.
2025-12-29 08:55:28 [main] WARN  o.s.c.s.PostProcessorRegistrationDelegate$BeanPostProcessorChecker - Bean 'spring.cloud.loadbalancer-org.springframework.cloud.client.loadbalancer.LoadBalancerClientsProperties' of type [org.springframework.cloud.client.loadbalancer.LoadBalancerClientsProperties] is not eligible for getting processed by all BeanPostProcessors (for example: not eligible for auto-proxying). Is this bean getting eagerly injected into a currently created BeanPostProcessor [lbRestClientPostProcessor]? Check the corresponding BeanPostProcessor declaration and its dependencies.
2025-12-29 08:55:28 [main] WARN  o.s.c.s.PostProcessorRegistrationDelegate$BeanPostProcessorChecker - Bean 'default.org.springframework.cloud.loadbalancer.config.LoadBalancerAutoConfiguration.LoadBalancerClientSpecification' of type [org.springframework.cloud.loadbalancer.annotation.LoadBalancerClientSpecification] is not eligible for getting processed by all BeanPostProcessors (for example: not eligible for auto-proxying). Is this bean getting eagerly injected into a currently created BeanPostProcessor [lbRestClientPostProcessor]? Check the corresponding BeanPostProcessor declaration and its dependencies.
2025-12-29 08:55:28 [main] WARN  o.s.c.s.PostProcessorRegistrationDelegate$BeanPostProcessorChecker - Bean 'default.org.springframework.cloud.loadbalancer.config.BlockingLoadBalancerClientAutoConfiguration.LoadBalancerClientSpecification' of type [org.springframework.cloud.loadbalancer.annotation.LoadBalancerClientSpecification] is not eligible for getting processed by all BeanPostProcessors (for example: not eligible for auto-proxying). Is this bean getting eagerly injected into a currently created BeanPostProcessor [lbRestClientPostProcessor]? Check the corresponding BeanPostProcessor declaration and its dependencies.
2025-12-29 08:55:28 [main] WARN  o.s.c.s.PostProcessorRegistrationDelegate$BeanPostProcessorChecker - Bean 'loadBalancerClientFactory' of type [org.springframework.cloud.loadbalancer.support.LoadBalancerClientFactory] is not eligible for getting processed by all BeanPostProcessors (for example: not eligible for auto-proxying). Is this bean getting eagerly injected into a currently created BeanPostProcessor [lbRestClientPostProcessor]? Check the corresponding BeanPostProcessor declaration and its dependencies.
2025-12-29 08:55:28 [main] WARN  o.s.c.s.PostProcessorRegistrationDelegate$BeanPostProcessorChecker - Bean 'blockingLoadBalancerClient' of type [org.springframework.cloud.loadbalancer.blocking.client.BlockingLoadBalancerClient] is not eligible for getting processed by all BeanPostProcessors (for example: not eligible for auto-proxying). Is this bean getting eagerly injected into a currently created BeanPostProcessor [lbRestClientPostProcessor]? Check the corresponding BeanPostProcessor declaration and its dependencies.
2025-12-29 08:55:28 [main] WARN  o.s.c.s.PostProcessorRegistrationDelegate$BeanPostProcessorChecker - Bean 'loadBalancerServiceInstanceCookieTransformer' of type [org.springframework.cloud.loadbalancer.core.LoadBalancerServiceInstanceCookieTransformer] is not eligible for getting processed by all BeanPostProcessors (for example: not eligible for auto-proxying). Is this bean getting eagerly injected into a currently created BeanPostProcessor [lbRestClientPostProcessor]? Check the corresponding BeanPostProcessor declaration and its dependencies.
2025-12-29 08:55:28 [main] WARN  o.s.c.s.PostProcessorRegistrationDelegate$BeanPostProcessorChecker - Bean 'xForwarderHeadersTransformer' of type [org.springframework.cloud.loadbalancer.blocking.XForwardedHeadersTransformer] is not eligible for getting processed by all BeanPostProcessors (for example: not eligible for auto-proxying). Is this bean getting eagerly injected into a currently created BeanPostProcessor [lbRestClientPostProcessor]? Check the corresponding BeanPostProcessor declaration and its dependencies.
2025-12-29 08:55:29 [main] WARN  o.s.c.s.PostProcessorRegistrationDelegate$BeanPostProcessorChecker - Bean 'org.springframework.cloud.client.loadbalancer.LoadBalancerAutoConfiguration' of type [org.springframework.cloud.client.loadbalancer.LoadBalancerAutoConfiguration] is not eligible for getting processed by all BeanPostProcessors (for example: not eligible for auto-proxying). Is this bean getting eagerly injected into a currently created BeanPostProcessor [lbRestClientPostProcessor]? Check the corresponding BeanPostProcessor declaration and its dependencies.
2025-12-29 08:55:29 [main] WARN  o.s.c.s.PostProcessorRegistrationDelegate$BeanPostProcessorChecker - Bean 'loadBalancerRequestFactory' of type [org.springframework.cloud.client.loadbalancer.LoadBalancerRequestFactory] is not eligible for getting processed by all BeanPostProcessors (for example: not eligible for auto-proxying). Is this bean getting eagerly injected into a currently created BeanPostProcessor [lbRestClientPostProcessor]? Check the corresponding BeanPostProcessor declaration and its dependencies.
2025-12-29 08:55:29 [main] WARN  o.s.c.s.PostProcessorRegistrationDelegate$BeanPostProcessorChecker - Bean 'loadBalancerInterceptor' of type [org.springframework.cloud.client.loadbalancer.LoadBalancerInterceptor] is not eligible for getting processed by all BeanPostProcessors (for example: not eligible for auto-proxying). Is this bean getting eagerly injected into a currently created BeanPostProcessor [lbRestClientPostProcessor]? Check the corresponding BeanPostProcessor declaration and its dependencies.
2025-12-29 08:55:30 [main] INFO  com.zaxxer.hikari.HikariDataSource - HikariPool-1 - Starting...
2025-12-29 08:55:30 [main] INFO  com.zaxxer.hikari.pool.HikariPool - HikariPool-1 - Added connection com.mysql.cj.jdbc.ConnectionImpl@1e4c4fda
2025-12-29 08:55:30 [main] INFO  com.zaxxer.hikari.HikariDataSource - HikariPool-1 - Start completed.
2025-12-29 08:55:31 [main] INFO  o.h.jpa.internal.util.LogHelper - HHH000204: Processing PersistenceUnitInfo [name: default]
2025-12-29 08:55:31 [main] INFO  org.hibernate.Version - HHH000412: Hibernate ORM core version 6.3.1.Final
2025-12-29 08:55:31 [main] INFO  o.h.c.i.RegionFactoryInitiator - HHH000026: Second-level cache disabled
2025-12-29 08:55:32 [main] INFO  o.s.o.j.p.SpringPersistenceUnitInfo - No LoadTimeWeaver setup: ignoring JPA class transformer
2025-12-29 08:55:32 [main] WARN  org.hibernate.orm.deprecation - HHH90000025: MySQL8Dialect does not need to be specified explicitly using 'hibernate.dialect' (remove the property setting and it will be selected by default)
2025-12-29 08:55:32 [main] WARN  org.hibernate.orm.deprecation - HHH90000026: MySQL8Dialect has been deprecated; use org.hibernate.dialect.MySQLDialect instead
2025-12-29 08:55:33 [main] INFO  o.h.e.t.j.p.i.JtaPlatformInitiator - HHH000489: No JTA platform available (set 'hibernate.transaction.jta.platform' to enable JTA platform integration)
2025-12-29 08:55:33 [main] INFO  o.s.o.j.LocalContainerEntityManagerFactoryBean - Initialized JPA EntityManagerFactory for persistence unit 'default'
2025-12-29 08:55:35 [main] WARN  o.s.b.a.o.j.JpaBaseConfiguration$JpaWebConfiguration - spring.jpa.open-in-view is enabled by default. Therefore, database queries may be performed during view rendering. Explicitly configure spring.jpa.open-in-view to disable this warning
2025-12-29 08:55:35 [main] TRACE o.s.s.c.a.a.c.AuthenticationConfiguration$EnableGlobalAuthenticationAutowiredConfigurer - Eagerly initializing {securityConfig=com.example.common.config.SecurityConfig$$SpringCGLIB$$0@31c31fa6}
2025-12-29 08:55:35 [main] WARN  o.s.b.a.s.s.UserDetailsServiceAutoConfiguration - 

Using generated security password: 7cd66c18-fd3f-4c12-aa82-7e6a53cd89cb

This generated password is for development use only. Your security configuration must be updated before running your application in production.

2025-12-29 08:55:36 [main] INFO  o.s.s.web.DefaultSecurityFilterChain - Will secure any request with [org.springframework.security.web.session.DisableEncodeUrlFilter@608b74f3, org.springframework.security.web.context.request.async.WebAsyncManagerIntegrationFilter@1ef8f7e6, org.springframework.security.web.context.SecurityContextHolderFilter@7337f87e, org.springframework.security.web.header.HeaderWriterFilter@2e1003d9, org.springframework.web.filter.CorsFilter@5a6f1342, org.springframework.security.web.authentication.logout.LogoutFilter@760ac834, org.springframework.security.web.savedrequest.RequestCacheAwareFilter@66831b14, org.springframework.security.web.servletapi.SecurityContextHolderAwareRequestFilter@4f1ea463, org.springframework.security.web.authentication.AnonymousAuthenticationFilter@650d5a3d, org.springframework.security.web.session.SessionManagementFilter@3c070ade, org.springframework.security.web.access.ExceptionTranslationFilter@569b3009, org.springframework.security.web.access.intercept.AuthorizationFilter@6a35cccf]
2025-12-29 08:55:42 [main] WARN  o.s.c.l.c.LoadBalancerCacheAutoConfiguration$LoadBalancerCaffeineWarnLogger - Spring Cloud LoadBalancer is currently working with the default cache. While this cache implementation is useful for development and tests, it's recommended to use Caffeine cache in production.You can switch to using Caffeine cache, by adding it and org.springframework.cache.caffeine.CaffeineCacheManager to the classpath.
2025-12-29 08:55:42 [main] INFO  c.e.common.CommonApplicationTests - Started CommonApplicationTests in 29.224 seconds (process running for 32.241)
2025-12-29 08:55:42 [main] INFO  c.a.n.client.config.impl.CacheData - config listener notify warn timeout millis use default 60000 millis 
2025-12-29 08:55:42 [main] INFO  c.a.n.client.config.impl.CacheData - nacos.cache.data.init.snapshot = true 
2025-12-29 08:55:42 [main] INFO  c.a.n.c.config.impl.ClientWorker - [fixed-127.0.0.1_8848] [subscribe] chat.properties+DEFAULT_GROUP
2025-12-29 08:55:42 [main] INFO  c.a.n.client.config.impl.CacheData - [fixed-127.0.0.1_8848] [add-listener] ok, tenant=, dataId=chat.properties, group=DEFAULT_GROUP, cnt=1
2025-12-29 08:55:42 [main] INFO  c.a.c.n.r.NacosContextRefresher - [Nacos Config] Listening config: dataId=chat.properties, group=DEFAULT_GROUP
2025-12-29 08:55:42 [main] INFO  c.a.n.c.config.impl.ClientWorker - [fixed-127.0.0.1_8848] [subscribe] chat+DEFAULT_GROUP
2025-12-29 08:55:42 [main] INFO  c.a.n.client.config.impl.CacheData - [fixed-127.0.0.1_8848] [add-listener] ok, tenant=, dataId=chat, group=DEFAULT_GROUP, cnt=1
2025-12-29 08:55:42 [main] INFO  c.a.c.n.r.NacosContextRefresher - [Nacos Config] Listening config: dataId=chat, group=DEFAULT_GROUP
2025-12-29 08:55:45 [main] INFO  o.s.c.o.FeignClientFactoryBean - For 'AI' URL not provided. Will try picking an instance via load-balancing.
2025-12-29 08:55:46 [main] INFO  o.s.c.o.FeignClientFactoryBean - For 'enterprise' URL not provided. Will try picking an instance via load-balancing.
2025-12-29 08:55:46 [main] INFO  o.s.c.o.FeignClientFactoryBean - For 'search' URL not provided. Will try picking an instance via load-balancing.
2025-12-29 08:55:46 [main] INFO  o.s.c.o.FeignClientFactoryBean - For 'tag' URL not provided. Will try picking an instance via load-balancing.
2025-12-29 08:55:46 [main] INFO  o.s.c.o.FeignClientFactoryBean - For 'users' URL not provided. Will try picking an instance via load-balancing.
2025-12-29 08:55:48 [main] WARN  c.a.c.n.c.NacosPropertySourceBuilder - Ignore the empty nacos configuration and get it based on dataId[chat] & group[DEFAULT_GROUP]
2025-12-29 08:55:48 [main] WARN  c.a.c.n.c.NacosPropertySourceBuilder - Ignore the empty nacos configuration and get it based on dataId[chat.properties] & group[DEFAULT_GROUP]
2025-12-29 08:55:48 [main] WARN  c.a.c.n.c.NacosPropertySourceBuilder - Ignore the empty nacos configuration and get it based on dataId[chat-test.properties] & group[DEFAULT_GROUP]
2025-12-29 08:55:48 [main] INFO  o.s.c.b.c.PropertySourceBootstrapConfiguration - Located property source: [BootstrapPropertySource {name='bootstrapProperties-chat-test.properties,DEFAULT_GROUP'}, BootstrapPropertySource {name='bootstrapProperties-chat.properties,DEFAULT_GROUP'}, BootstrapPropertySource {name='bootstrapProperties-chat,DEFAULT_GROUP'}]
2025-12-29 08:55:48 [main] INFO  c.example.common.feign.AIClientTest - The following 1 profile is active: "test"
2025-12-29 08:55:48 [main] INFO  c.example.common.feign.AIClientTest - Started AIClientTest in 2.263 seconds (process running for 38.458)
2025-12-29 08:55:50 [main] WARN  c.a.c.n.c.NacosPropertySourceBuilder - Ignore the empty nacos configuration and get it based on dataId[chat] & group[DEFAULT_GROUP]
2025-12-29 08:55:50 [main] WARN  c.a.c.n.c.NacosPropertySourceBuilder - Ignore the empty nacos configuration and get it based on dataId[chat.properties] & group[DEFAULT_GROUP]
2025-12-29 08:55:50 [main] WARN  c.a.c.n.c.NacosPropertySourceBuilder - Ignore the empty nacos configuration and get it based on dataId[chat-test.properties] & group[DEFAULT_GROUP]
2025-12-29 08:55:50 [main] INFO  o.s.c.b.c.PropertySourceBootstrapConfiguration - Located property source: [BootstrapPropertySource {name='bootstrapProperties-chat-test.properties,DEFAULT_GROUP'}, BootstrapPropertySource {name='bootstrapProperties-chat.properties,DEFAULT_GROUP'}, BootstrapPropertySource {name='bootstrapProperties-chat,DEFAULT_GROUP'}]
2025-12-29 08:55:50 [main] INFO  c.e.common.feign.BaiduMapClientTest - The following 1 profile is active: "test"
2025-12-29 08:55:50 [main] INFO  c.e.common.feign.BaiduMapClientTest - Started BaiduMapClientTest in 1.39 seconds (process running for 39.93)
2025-12-29 08:55:52 [main] WARN  c.a.c.n.c.NacosPropertySourceBuilder - Ignore the empty nacos configuration and get it based on dataId[chat] & group[DEFAULT_GROUP]
2025-12-29 08:55:52 [main] WARN  c.a.c.n.c.NacosPropertySourceBuilder - Ignore the empty nacos configuration and get it based on dataId[chat.properties] & group[DEFAULT_GROUP]
2025-12-29 08:55:52 [main] WARN  c.a.c.n.c.NacosPropertySourceBuilder - Ignore the empty nacos configuration and get it based on dataId[chat-test.properties] & group[DEFAULT_GROUP]
2025-12-29 08:55:52 [main] INFO  o.s.c.b.c.PropertySourceBootstrapConfiguration - Located property source: [BootstrapPropertySource {name='bootstrapProperties-chat-test.properties,DEFAULT_GROUP'}, BootstrapPropertySource {name='bootstrapProperties-chat.properties,DEFAULT_GROUP'}, BootstrapPropertySource {name='bootstrapProperties-chat,DEFAULT_GROUP'}]
2025-12-29 08:55:52 [main] INFO  c.e.common.feign.BoChaClientTest - The following 1 profile is active: "test"
2025-12-29 08:55:52 [main] INFO  c.e.common.feign.BoChaClientTest - Started BoChaClientTest in 1.737 seconds (process running for 41.735)
2025-12-29 08:55:53 [main] WARN  c.a.c.n.c.NacosPropertySourceBuilder - Ignore the empty nacos configuration and get it based on dataId[chat] & group[DEFAULT_GROUP]
2025-12-29 08:55:53 [main] WARN  c.a.c.n.c.NacosPropertySourceBuilder - Ignore the empty nacos configuration and get it based on dataId[chat.properties] & group[DEFAULT_GROUP]
2025-12-29 08:55:53 [main] WARN  c.a.c.n.c.NacosPropertySourceBuilder - Ignore the empty nacos configuration and get it based on dataId[chat-test.properties] & group[DEFAULT_GROUP]
2025-12-29 08:55:53 [main] INFO  o.s.c.b.c.PropertySourceBootstrapConfiguration - Located property source: [BootstrapPropertySource {name='bootstrapProperties-chat-test.properties,DEFAULT_GROUP'}, BootstrapPropertySource {name='bootstrapProperties-chat.properties,DEFAULT_GROUP'}, BootstrapPropertySource {name='bootstrapProperties-chat,DEFAULT_GROUP'}]
2025-12-29 08:55:54 [main] INFO  c.e.c.feign.EnterpriseClientTest - The following 1 profile is active: "test"
2025-12-29 08:55:54 [main] INFO  c.e.c.feign.EnterpriseClientTest - Started EnterpriseClientTest in 1.719 seconds (process running for 43.564)
2025-12-29 08:55:55 [main] WARN  c.a.c.n.c.NacosPropertySourceBuilder - Ignore the empty nacos configuration and get it based on dataId[chat] & group[DEFAULT_GROUP]
2025-12-29 08:55:55 [main] WARN  c.a.c.n.c.NacosPropertySourceBuilder - Ignore the empty nacos configuration and get it based on dataId[chat.properties] & group[DEFAULT_GROUP]
2025-12-29 08:55:55 [main] WARN  c.a.c.n.c.NacosPropertySourceBuilder - Ignore the empty nacos configuration and get it based on dataId[chat-test.properties] & group[DEFAULT_GROUP]
2025-12-29 08:55:55 [main] INFO  o.s.c.b.c.PropertySourceBootstrapConfiguration - Located property source: [BootstrapPropertySource {name='bootstrapProperties-chat-test.properties,DEFAULT_GROUP'}, BootstrapPropertySource {name='bootstrapProperties-chat.properties,DEFAULT_GROUP'}, BootstrapPropertySource {name='bootstrapProperties-chat,DEFAULT_GROUP'}]
2025-12-29 08:55:55 [main] INFO  c.e.c.f.EnterpriseRecommendationClientTest - The following 1 profile is active: "test"
2025-12-29 08:55:55 [main] INFO  c.e.c.f.EnterpriseRecommendationClientTest - Started EnterpriseRecommendationClientTest in 1.705 seconds (process running for 45.338)
2025-12-29 08:55:57 [main] WARN  c.a.c.n.c.NacosPropertySourceBuilder - Ignore the empty nacos configuration and get it based on dataId[chat] & group[DEFAULT_GROUP]
2025-12-29 08:55:57 [main] WARN  c.a.c.n.c.NacosPropertySourceBuilder - Ignore the empty nacos configuration and get it based on dataId[chat.properties] & group[DEFAULT_GROUP]
2025-12-29 08:55:57 [main] WARN  c.a.c.n.c.NacosPropertySourceBuilder - Ignore the empty nacos configuration and get it based on dataId[chat-test.properties] & group[DEFAULT_GROUP]
2025-12-29 08:55:57 [main] INFO  o.s.c.b.c.PropertySourceBootstrapConfiguration - Located property source: [BootstrapPropertySource {name='bootstrapProperties-chat-test.properties,DEFAULT_GROUP'}, BootstrapPropertySource {name='bootstrapProperties-chat.properties,DEFAULT_GROUP'}, BootstrapPropertySource {name='bootstrapProperties-chat,DEFAULT_GROUP'}]
2025-12-29 08:55:57 [main] INFO  c.e.common.feign.IpifyClientTest - The following 1 profile is active: "test"
2025-12-29 08:55:57 [main] INFO  c.e.common.feign.IpifyClientTest - Started IpifyClientTest in 1.319 seconds (process running for 46.705)
2025-12-29 08:56:01 [main] WARN  c.a.c.n.c.NacosPropertySourceBuilder - Ignore the empty nacos configuration and get it based on dataId[chat] & group[DEFAULT_GROUP]
2025-12-29 08:56:01 [main] WARN  c.a.c.n.c.NacosPropertySourceBuilder - Ignore the empty nacos configuration and get it based on dataId[chat.properties] & group[DEFAULT_GROUP]
2025-12-29 08:56:01 [main] WARN  c.a.c.n.c.NacosPropertySourceBuilder - Ignore the empty nacos configuration and get it based on dataId[chat-test.properties] & group[DEFAULT_GROUP]
2025-12-29 08:56:01 [main] INFO  o.s.c.b.c.PropertySourceBootstrapConfiguration - Located property source: [BootstrapPropertySource {name='bootstrapProperties-chat-test.properties,DEFAULT_GROUP'}, BootstrapPropertySource {name='bootstrapProperties-chat.properties,DEFAULT_GROUP'}, BootstrapPropertySource {name='bootstrapProperties-chat,DEFAULT_GROUP'}]
2025-12-29 08:56:01 [main] INFO  c.e.c.f.LearningPathRecommendationClientTest - The following 1 profile is active: "test"
2025-12-29 08:56:01 [main] INFO  c.e.c.f.LearningPathRecommendationClientTest - Started LearningPathRecommendationClientTest in 4.122 seconds (process running for 50.901)
2025-12-29 08:56:03 [main] WARN  c.a.c.n.c.NacosPropertySourceBuilder - Ignore the empty nacos configuration and get it based on dataId[chat] & group[DEFAULT_GROUP]
2025-12-29 08:56:03 [main] WARN  c.a.c.n.c.NacosPropertySourceBuilder - Ignore the empty nacos configuration and get it based on dataId[chat.properties] & group[DEFAULT_GROUP]
2025-12-29 08:56:03 [main] WARN  c.a.c.n.c.NacosPropertySourceBuilder - Ignore the empty nacos configuration and get it based on dataId[chat-test.properties] & group[DEFAULT_GROUP]
2025-12-29 08:56:03 [main] INFO  o.s.c.b.c.PropertySourceBootstrapConfiguration - Located property source: [BootstrapPropertySource {name='bootstrapProperties-chat-test.properties,DEFAULT_GROUP'}, BootstrapPropertySource {name='bootstrapProperties-chat.properties,DEFAULT_GROUP'}, BootstrapPropertySource {name='bootstrapProperties-chat,DEFAULT_GROUP'}]
2025-12-29 08:56:03 [main] INFO  c.e.common.feign.SearchClientTest - The following 1 profile is active: "test"
2025-12-29 08:56:03 [main] INFO  c.e.common.feign.SearchClientTest - Started SearchClientTest in 1.801 seconds (process running for 52.724)
2025-12-29 08:56:04 [main] WARN  c.a.c.n.c.NacosPropertySourceBuilder - Ignore the empty nacos configuration and get it based on dataId[chat] & group[DEFAULT_GROUP]
2025-12-29 08:56:04 [main] WARN  c.a.c.n.c.NacosPropertySourceBuilder - Ignore the empty nacos configuration and get it based on dataId[chat.properties] & group[DEFAULT_GROUP]
2025-12-29 08:56:04 [main] WARN  c.a.c.n.c.NacosPropertySourceBuilder - Ignore the empty nacos configuration and get it based on dataId[chat-test.properties] & group[DEFAULT_GROUP]
2025-12-29 08:56:04 [main] INFO  o.s.c.b.c.PropertySourceBootstrapConfiguration - Located property source: [BootstrapPropertySource {name='bootstrapProperties-chat-test.properties,DEFAULT_GROUP'}, BootstrapPropertySource {name='bootstrapProperties-chat.properties,DEFAULT_GROUP'}, BootstrapPropertySource {name='bootstrapProperties-chat,DEFAULT_GROUP'}]
2025-12-29 08:56:04 [main] INFO  c.example.common.feign.TagClientTest - The following 1 profile is active: "test"
2025-12-29 08:56:04 [main] INFO  c.example.common.feign.TagClientTest - Started TagClientTest in 1.228 seconds (process running for 53.974)
2025-12-29 08:56:07 [main] WARN  c.a.c.n.c.NacosPropertySourceBuilder - Ignore the empty nacos configuration and get it based on dataId[chat] & group[DEFAULT_GROUP]
2025-12-29 08:56:07 [main] WARN  c.a.c.n.c.NacosPropertySourceBuilder - Ignore the empty nacos configuration and get it based on dataId[chat.properties] & group[DEFAULT_GROUP]
2025-12-29 08:56:07 [main] WARN  c.a.c.n.c.NacosPropertySourceBuilder - Ignore the empty nacos configuration and get it based on dataId[chat-test.properties] & group[DEFAULT_GROUP]
2025-12-29 08:56:07 [main] INFO  o.s.c.b.c.PropertySourceBootstrapConfiguration - Located property source: [BootstrapPropertySource {name='bootstrapProperties-chat-test.properties,DEFAULT_GROUP'}, BootstrapPropertySource {name='bootstrapProperties-chat.properties,DEFAULT_GROUP'}, BootstrapPropertySource {name='bootstrapProperties-chat,DEFAULT_GROUP'}]
2025-12-29 08:56:07 [main] INFO  c.e.common.feign.UsersClientTest - The following 1 profile is active: "test"
2025-12-29 08:56:07 [main] INFO  c.e.common.feign.UsersClientTest - Started UsersClientTest in 3.495 seconds (process running for 57.49)
2025-12-29 08:56:08 [Thread-6] WARN  c.a.nacos.common.notify.NotifyCenter - [NotifyCenter] Start destroying Publisher
2025-12-29 08:56:08 [Thread-6] WARN  c.a.nacos.common.notify.NotifyCenter - [NotifyCenter] Destruction of the end
2025-12-29 08:56:08 [Thread-3] WARN  c.a.n.c.http.HttpClientBeanHolder - [HttpClientBeanHolder] Start destroying common HttpClient
2025-12-29 08:56:08 [Thread-3] WARN  c.a.n.c.http.HttpClientBeanHolder - [HttpClientBeanHolder] Destruction of the end
2025-12-29 08:56:08 [SpringApplicationShutdownHook] INFO  o.s.o.j.LocalContainerEntityManagerFactoryBean - Closing JPA EntityManagerFactory for persistence unit 'default'
2025-12-29 08:56:08 [SpringApplicationShutdownHook] INFO  com.zaxxer.hikari.HikariDataSource - HikariPool-1 - Shutdown initiated...
2025-12-29 08:56:08 [SpringApplicationShutdownHook] INFO  com.zaxxer.hikari.HikariDataSource - HikariPool-1 - Shutdown completed.
2025-12-29 08:57:41 [main] INFO  c.a.nacos.client.utils.ParamUtil - [settings] [req-serv] nacos-server port:8848
2025-12-29 08:57:41 [main] INFO  c.a.nacos.client.utils.ParamUtil - [settings] [http-client] connect timeout:1000
2025-12-29 08:57:41 [main] INFO  c.a.nacos.client.utils.ParamUtil - PER_TASK_CONFIG_SIZE: 3000.0
2025-12-29 08:57:41 [Thread-2] INFO  c.a.n.c.a.r.i.CredentialWatcher - null No credential found
2025-12-29 08:57:41 [main] INFO  com.alibaba.nacos.common.labels - DefaultLabelsCollectorManager get labels.....
2025-12-29 08:57:41 [main] INFO  com.alibaba.nacos.common.labels - Process LabelsCollector with [name:defaultNacosLabelsCollector]
2025-12-29 08:57:41 [main] INFO  com.alibaba.nacos.common.labels - default nacos collect properties raw labels: null
2025-12-29 08:57:41 [main] INFO  com.alibaba.nacos.common.labels - default nacos collect properties labels: {}
2025-12-29 08:57:41 [main] INFO  com.alibaba.nacos.common.labels - default nacos collect jvm raw labels: null
2025-12-29 08:57:41 [main] INFO  com.alibaba.nacos.common.labels - default nacos collect jvm labels: {}
2025-12-29 08:57:41 [main] INFO  com.alibaba.nacos.common.labels - default nacos collect env raw labels: null
2025-12-29 08:57:41 [main] INFO  com.alibaba.nacos.common.labels - default nacos collect env labels: {}
2025-12-29 08:57:41 [main] INFO  com.alibaba.nacos.common.labels - DefaultLabelsCollectorManager get labels finished,labels :{}
2025-12-29 08:57:41 [main] INFO  c.a.n.p.a.s.c.ClientAuthPluginManager - [ClientAuthPluginManager] Load ClientAuthService com.alibaba.nacos.client.auth.impl.NacosClientAuthServiceImpl success.
2025-12-29 08:57:41 [main] INFO  c.a.n.p.a.s.c.ClientAuthPluginManager - [ClientAuthPluginManager] Load ClientAuthService com.alibaba.nacos.client.auth.ram.RamClientAuthServiceImpl success.
2025-12-29 08:57:42 [main] INFO  c.a.n.c.c.i.LocalConfigInfoProcessor - LOCAL_SNAPSHOT_PATH:C:\Users\24148\nacos\config
2025-12-29 08:57:42 [main] INFO  c.alibaba.nacos.common.remote.client - [RpcClientFactory] create a new rpc client of 7da60b80-7667-46a2-99f0-efddec28c91c_config-0
2025-12-29 08:57:42 [main] INFO  c.alibaba.nacos.common.remote.client - [7da60b80-7667-46a2-99f0-efddec28c91c_config-0] Register server push request handler:com.alibaba.nacos.client.config.impl.ClientWorker$ConfigRpcTransportClient$$Lambda$934/0x0000000800faf9a8
2025-12-29 08:57:42 [main] INFO  c.alibaba.nacos.common.remote.client - [7da60b80-7667-46a2-99f0-efddec28c91c_config-0] Register server push request handler:com.alibaba.nacos.client.config.impl.ClientWorker$ConfigRpcTransportClient$$Lambda$935/0x0000000800fafdc8
2025-12-29 08:57:42 [main] INFO  c.alibaba.nacos.common.remote.client - [7da60b80-7667-46a2-99f0-efddec28c91c_config-0] Registry connection listener to current client:com.alibaba.nacos.client.config.impl.ClientWorker$ConfigRpcTransportClient$1
2025-12-29 08:57:42 [main] INFO  c.alibaba.nacos.common.remote.client - [7da60b80-7667-46a2-99f0-efddec28c91c_config-0] RpcClient init, ServerListFactory = com.alibaba.nacos.client.config.impl.ClientWorker$ConfigRpcTransportClient$2
2025-12-29 08:57:42 [main] INFO  c.alibaba.nacos.common.remote.client - [7da60b80-7667-46a2-99f0-efddec28c91c_config-0] Try to connect to server on start up, server: {serverIp = '127.0.0.1', server main port = 8848}
2025-12-29 08:57:42 [main] INFO  c.a.n.c.r.client.grpc.GrpcClient - grpc client connection server:127.0.0.1 ip,serverPort:9848,grpcTslConfig:{"sslProvider":"","enableTls":false,"mutualAuthEnable":false,"trustAll":false}
2025-12-29 08:57:42 [main] INFO  c.a.n.c.a.AbstractAbilityControlManager - Ready to get current node abilities...
2025-12-29 08:57:42 [main] INFO  c.a.n.c.a.AbstractAbilityControlManager - Ready to initialize current node abilities, support modes: [SDK_CLIENT]
2025-12-29 08:57:42 [main] INFO  c.a.n.c.a.AbstractAbilityControlManager - Initialize current abilities finish...
2025-12-29 08:57:42 [main] INFO  c.a.n.c.a.d.NacosAbilityManagerHolder - [AbilityControlManager] Successfully initialize AbilityControlManager
2025-12-29 08:57:42 [main] INFO  c.alibaba.nacos.common.remote.client - [7da60b80-7667-46a2-99f0-efddec28c91c_config-0] Success to connect to server [127.0.0.1:8848] on start up, connectionId = 1766969862783_127.0.0.1_53685
2025-12-29 08:57:42 [com.alibaba.nacos.client.remote.worker.0] INFO  c.alibaba.nacos.common.remote.client - [7da60b80-7667-46a2-99f0-efddec28c91c_config-0] Notify connected event to listeners.
2025-12-29 08:57:42 [main] INFO  c.alibaba.nacos.common.remote.client - [7da60b80-7667-46a2-99f0-efddec28c91c_config-0] Register server push request handler:com.alibaba.nacos.common.remote.client.RpcClient$ConnectResetRequestHandler
2025-12-29 08:57:42 [com.alibaba.nacos.client.remote.worker.0] INFO  c.a.n.c.config.impl.ClientWorker - [7da60b80-7667-46a2-99f0-efddec28c91c_config-0] Connected,notify listen context...
2025-12-29 08:57:42 [main] INFO  c.alibaba.nacos.common.remote.client - [7da60b80-7667-46a2-99f0-efddec28c91c_config-0] Register server push request handler:com.alibaba.nacos.common.remote.client.RpcClient$$Lambda$950/0x00000008010f7418
2025-12-29 08:57:42 [main] INFO  c.a.nacos.client.config.impl.Limiter - limitTime:5.0
2025-12-29 08:57:42 [main] WARN  c.a.c.n.c.NacosPropertySourceBuilder - Ignore the empty nacos configuration and get it based on dataId[chat] & group[DEFAULT_GROUP]
2025-12-29 08:57:42 [main] WARN  c.a.c.n.c.NacosPropertySourceBuilder - Ignore the empty nacos configuration and get it based on dataId[chat.properties] & group[DEFAULT_GROUP]
2025-12-29 08:57:42 [main] INFO  o.s.c.b.c.PropertySourceBootstrapConfiguration - Located property source: [BootstrapPropertySource {name='bootstrapProperties-chat.properties,DEFAULT_GROUP'}, BootstrapPropertySource {name='bootstrapProperties-chat,DEFAULT_GROUP'}]
2025-12-29 08:57:42 [main] INFO  c.e.common.CommonApplicationTests - No active profile set, falling back to 1 default profile: "default"
2025-12-29 08:57:43 [main] INFO  o.s.d.r.c.RepositoryConfigurationDelegate - Multiple Spring Data modules found, entering strict repository configuration mode
2025-12-29 08:57:43 [main] INFO  o.s.d.r.c.RepositoryConfigurationDelegate - Bootstrapping Spring Data JDBC repositories in DEFAULT mode.
2025-12-29 08:57:43 [main] INFO  o.s.d.r.c.RepositoryConfigurationDelegate - Finished Spring Data repository scanning in 14 ms. Found 0 JDBC repository interfaces.
2025-12-29 08:57:43 [main] INFO  o.s.d.r.c.RepositoryConfigurationDelegate - Multiple Spring Data modules found, entering strict repository configuration mode
2025-12-29 08:57:43 [main] INFO  o.s.d.r.c.RepositoryConfigurationDelegate - Bootstrapping Spring Data JPA repositories in DEFAULT mode.
2025-12-29 08:57:43 [main] INFO  o.s.d.r.c.RepositoryConfigurationDelegate - Finished Spring Data repository scanning in 4 ms. Found 0 JPA repository interfaces.
2025-12-29 08:57:44 [main] INFO  o.s.cloud.context.scope.GenericScope - BeanFactory id=949bd8f3-9689-3304-9e49-888fef85e4c9
2025-12-29 08:57:44 [main] WARN  o.s.c.s.PostProcessorRegistrationDelegate$BeanPostProcessorChecker - Bean 'org.springframework.cloud.client.loadbalancer.LoadBalancerAutoConfiguration$LoadBalancerInterceptorConfig' of type [org.springframework.cloud.client.loadbalancer.LoadBalancerAutoConfiguration$LoadBalancerInterceptorConfig] is not eligible for getting processed by all BeanPostProcessors (for example: not eligible for auto-proxying). The currently created BeanPostProcessor [lbRestClientPostProcessor] is declared through a non-static factory method on that class; consider declaring it as static instead.
2025-12-29 08:57:44 [main] WARN  o.s.c.s.PostProcessorRegistrationDelegate$BeanPostProcessorChecker - Bean 'org.springframework.cloud.loadbalancer.config.BlockingLoadBalancerClientAutoConfiguration' of type [org.springframework.cloud.loadbalancer.config.BlockingLoadBalancerClientAutoConfiguration] is not eligible for getting processed by all BeanPostProcessors (for example: not eligible for auto-proxying). Is this bean getting eagerly injected into a currently created BeanPostProcessor [lbRestClientPostProcessor]? Check the corresponding BeanPostProcessor declaration and its dependencies.
2025-12-29 08:57:44 [main] WARN  o.s.c.s.PostProcessorRegistrationDelegate$BeanPostProcessorChecker - Bean 'org.springframework.cloud.loadbalancer.config.LoadBalancerAutoConfiguration' of type [org.springframework.cloud.loadbalancer.config.LoadBalancerAutoConfiguration] is not eligible for getting processed by all BeanPostProcessors (for example: not eligible for auto-proxying). Is this bean getting eagerly injected into a currently created BeanPostProcessor [lbRestClientPostProcessor]? Check the corresponding BeanPostProcessor declaration and its dependencies.
2025-12-29 08:57:44 [main] WARN  o.s.c.s.PostProcessorRegistrationDelegate$BeanPostProcessorChecker - Bean 'org.springframework.cloud.commons.config.CommonsConfigAutoConfiguration' of type [org.springframework.cloud.commons.config.CommonsConfigAutoConfiguration] is not eligible for getting processed by all BeanPostProcessors (for example: not eligible for auto-proxying). Is this bean getting eagerly injected into a currently created BeanPostProcessor [lbRestClientPostProcessor]? Check the corresponding BeanPostProcessor declaration and its dependencies.
2025-12-29 08:57:44 [main] WARN  o.s.c.s.PostProcessorRegistrationDelegate$BeanPostProcessorChecker - Bean 'org.springframework.cloud.client.loadbalancer.LoadBalancerDefaultMappingsProviderAutoConfiguration' of type [org.springframework.cloud.client.loadbalancer.LoadBalancerDefaultMappingsProviderAutoConfiguration] is not eligible for getting processed by all BeanPostProcessors (for example: not eligible for auto-proxying). Is this bean getting eagerly injected into a currently created BeanPostProcessor [lbRestClientPostProcessor]? Check the corresponding BeanPostProcessor declaration and its dependencies.
2025-12-29 08:57:44 [main] WARN  o.s.c.s.PostProcessorRegistrationDelegate$BeanPostProcessorChecker - Bean 'loadBalancerClientsDefaultsMappingsProvider' of type [org.springframework.cloud.client.loadbalancer.LoadBalancerDefaultMappingsProviderAutoConfiguration$$Lambda$1103/0x000000080129f8f0] is not eligible for getting processed by all BeanPostProcessors (for example: not eligible for auto-proxying). Is this bean getting eagerly injected into a currently created BeanPostProcessor [lbRestClientPostProcessor]? Check the corresponding BeanPostProcessor declaration and its dependencies.
2025-12-29 08:57:44 [main] WARN  o.s.c.s.PostProcessorRegistrationDelegate$BeanPostProcessorChecker - Bean 'defaultsBindHandlerAdvisor' of type [org.springframework.cloud.commons.config.DefaultsBindHandlerAdvisor] is not eligible for getting processed by all BeanPostProcessors (for example: not eligible for auto-proxying). Is this bean getting eagerly injected into a currently created BeanPostProcessor [lbRestClientPostProcessor]? Check the corresponding BeanPostProcessor declaration and its dependencies.
2025-12-29 08:57:44 [main] WARN  o.s.c.s.PostProcessorRegistrationDelegate$BeanPostProcessorChecker - Bean 'spring.cloud.loadbalancer-org.springframework.cloud.client.loadbalancer.LoadBalancerClientsProperties' of type [org.springframework.cloud.client.loadbalancer.LoadBalancerClientsProperties] is not eligible for getting processed by all BeanPostProcessors (for example: not eligible for auto-proxying). Is this bean getting eagerly injected into a currently created BeanPostProcessor [lbRestClientPostProcessor]? Check the corresponding BeanPostProcessor declaration and its dependencies.
2025-12-29 08:57:44 [main] WARN  o.s.c.s.PostProcessorRegistrationDelegate$BeanPostProcessorChecker - Bean 'default.org.springframework.cloud.loadbalancer.config.LoadBalancerAutoConfiguration.LoadBalancerClientSpecification' of type [org.springframework.cloud.loadbalancer.annotation.LoadBalancerClientSpecification] is not eligible for getting processed by all BeanPostProcessors (for example: not eligible for auto-proxying). Is this bean getting eagerly injected into a currently created BeanPostProcessor [lbRestClientPostProcessor]? Check the corresponding BeanPostProcessor declaration and its dependencies.
2025-12-29 08:57:44 [main] WARN  o.s.c.s.PostProcessorRegistrationDelegate$BeanPostProcessorChecker - Bean 'default.org.springframework.cloud.loadbalancer.config.BlockingLoadBalancerClientAutoConfiguration.LoadBalancerClientSpecification' of type [org.springframework.cloud.loadbalancer.annotation.LoadBalancerClientSpecification] is not eligible for getting processed by all BeanPostProcessors (for example: not eligible for auto-proxying). Is this bean getting eagerly injected into a currently created BeanPostProcessor [lbRestClientPostProcessor]? Check the corresponding BeanPostProcessor declaration and its dependencies.
2025-12-29 08:57:44 [main] WARN  o.s.c.s.PostProcessorRegistrationDelegate$BeanPostProcessorChecker - Bean 'loadBalancerClientFactory' of type [org.springframework.cloud.loadbalancer.support.LoadBalancerClientFactory] is not eligible for getting processed by all BeanPostProcessors (for example: not eligible for auto-proxying). Is this bean getting eagerly injected into a currently created BeanPostProcessor [lbRestClientPostProcessor]? Check the corresponding BeanPostProcessor declaration and its dependencies.
2025-12-29 08:57:44 [main] WARN  o.s.c.s.PostProcessorRegistrationDelegate$BeanPostProcessorChecker - Bean 'blockingLoadBalancerClient' of type [org.springframework.cloud.loadbalancer.blocking.client.BlockingLoadBalancerClient] is not eligible for getting processed by all BeanPostProcessors (for example: not eligible for auto-proxying). Is this bean getting eagerly injected into a currently created BeanPostProcessor [lbRestClientPostProcessor]? Check the corresponding BeanPostProcessor declaration and its dependencies.
2025-12-29 08:57:44 [main] WARN  o.s.c.s.PostProcessorRegistrationDelegate$BeanPostProcessorChecker - Bean 'loadBalancerServiceInstanceCookieTransformer' of type [org.springframework.cloud.loadbalancer.core.LoadBalancerServiceInstanceCookieTransformer] is not eligible for getting processed by all BeanPostProcessors (for example: not eligible for auto-proxying). Is this bean getting eagerly injected into a currently created BeanPostProcessor [lbRestClientPostProcessor]? Check the corresponding BeanPostProcessor declaration and its dependencies.
2025-12-29 08:57:44 [main] WARN  o.s.c.s.PostProcessorRegistrationDelegate$BeanPostProcessorChecker - Bean 'xForwarderHeadersTransformer' of type [org.springframework.cloud.loadbalancer.blocking.XForwardedHeadersTransformer] is not eligible for getting processed by all BeanPostProcessors (for example: not eligible for auto-proxying). Is this bean getting eagerly injected into a currently created BeanPostProcessor [lbRestClientPostProcessor]? Check the corresponding BeanPostProcessor declaration and its dependencies.
2025-12-29 08:57:44 [main] WARN  o.s.c.s.PostProcessorRegistrationDelegate$BeanPostProcessorChecker - Bean 'org.springframework.cloud.client.loadbalancer.LoadBalancerAutoConfiguration' of type [org.springframework.cloud.client.loadbalancer.LoadBalancerAutoConfiguration] is not eligible for getting processed by all BeanPostProcessors (for example: not eligible for auto-proxying). Is this bean getting eagerly injected into a currently created BeanPostProcessor [lbRestClientPostProcessor]? Check the corresponding BeanPostProcessor declaration and its dependencies.
2025-12-29 08:57:44 [main] WARN  o.s.c.s.PostProcessorRegistrationDelegate$BeanPostProcessorChecker - Bean 'loadBalancerRequestFactory' of type [org.springframework.cloud.client.loadbalancer.LoadBalancerRequestFactory] is not eligible for getting processed by all BeanPostProcessors (for example: not eligible for auto-proxying). Is this bean getting eagerly injected into a currently created BeanPostProcessor [lbRestClientPostProcessor]? Check the corresponding BeanPostProcessor declaration and its dependencies.
2025-12-29 08:57:44 [main] WARN  o.s.c.s.PostProcessorRegistrationDelegate$BeanPostProcessorChecker - Bean 'loadBalancerInterceptor' of type [org.springframework.cloud.client.loadbalancer.LoadBalancerInterceptor] is not eligible for getting processed by all BeanPostProcessors (for example: not eligible for auto-proxying). Is this bean getting eagerly injected into a currently created BeanPostProcessor [lbRestClientPostProcessor]? Check the corresponding BeanPostProcessor declaration and its dependencies.
2025-12-29 08:57:44 [main] INFO  com.zaxxer.hikari.HikariDataSource - HikariPool-1 - Starting...
2025-12-29 08:57:45 [main] INFO  com.zaxxer.hikari.pool.HikariPool - HikariPool-1 - Added connection com.mysql.cj.jdbc.ConnectionImpl@36ab69d9
2025-12-29 08:57:45 [main] INFO  com.zaxxer.hikari.HikariDataSource - HikariPool-1 - Start completed.
2025-12-29 08:57:45 [main] INFO  o.h.jpa.internal.util.LogHelper - HHH000204: Processing PersistenceUnitInfo [name: default]
2025-12-29 08:57:45 [main] INFO  org.hibernate.Version - HHH000412: Hibernate ORM core version 6.3.1.Final
2025-12-29 08:57:45 [main] INFO  o.h.c.i.RegionFactoryInitiator - HHH000026: Second-level cache disabled
2025-12-29 08:57:45 [main] INFO  o.s.o.j.p.SpringPersistenceUnitInfo - No LoadTimeWeaver setup: ignoring JPA class transformer
2025-12-29 08:57:45 [main] WARN  org.hibernate.orm.deprecation - HHH90000025: MySQL8Dialect does not need to be specified explicitly using 'hibernate.dialect' (remove the property setting and it will be selected by default)
2025-12-29 08:57:45 [main] WARN  org.hibernate.orm.deprecation - HHH90000026: MySQL8Dialect has been deprecated; use org.hibernate.dialect.MySQLDialect instead
2025-12-29 08:57:45 [main] INFO  o.h.e.t.j.p.i.JtaPlatformInitiator - HHH000489: No JTA platform available (set 'hibernate.transaction.jta.platform' to enable JTA platform integration)
2025-12-29 08:57:45 [main] INFO  o.s.o.j.LocalContainerEntityManagerFactoryBean - Initialized JPA EntityManagerFactory for persistence unit 'default'
2025-12-29 08:57:46 [main] WARN  o.s.b.a.o.j.JpaBaseConfiguration$JpaWebConfiguration - spring.jpa.open-in-view is enabled by default. Therefore, database queries may be performed during view rendering. Explicitly configure spring.jpa.open-in-view to disable this warning
2025-12-29 08:57:46 [main] TRACE o.s.s.c.a.a.c.AuthenticationConfiguration$EnableGlobalAuthenticationAutowiredConfigurer - Eagerly initializing {securityConfig=com.example.common.config.SecurityConfig$$SpringCGLIB$$0@48cc060d}
2025-12-29 08:57:46 [main] WARN  o.s.b.a.s.s.UserDetailsServiceAutoConfiguration - 

Using generated security password: 928e30df-c571-45a8-950e-2d2e29d97595

This generated password is for development use only. Your security configuration must be updated before running your application in production.

2025-12-29 08:57:47 [main] INFO  o.s.s.web.DefaultSecurityFilterChain - Will secure any request with [org.springframework.security.web.session.DisableEncodeUrlFilter@5e9a9683, org.springframework.security.web.context.request.async.WebAsyncManagerIntegrationFilter@7040d71, org.springframework.security.web.context.SecurityContextHolderFilter@3a641f6, org.springframework.security.web.header.HeaderWriterFilter@4ed90b04, org.springframework.web.filter.CorsFilter@2553fbd0, org.springframework.security.web.authentication.logout.LogoutFilter@76685ab0, org.springframework.security.web.savedrequest.RequestCacheAwareFilter@18ed8b75, org.springframework.security.web.servletapi.SecurityContextHolderAwareRequestFilter@22ea09b7, org.springframework.security.web.authentication.AnonymousAuthenticationFilter@2a8081f5, org.springframework.security.web.session.SessionManagementFilter@77e24d3c, org.springframework.security.web.access.ExceptionTranslationFilter@4ad57db1, org.springframework.security.web.access.intercept.AuthorizationFilter@5a6f1342]
2025-12-29 08:57:48 [main] WARN  o.s.c.l.c.LoadBalancerCacheAutoConfiguration$LoadBalancerCaffeineWarnLogger - Spring Cloud LoadBalancer is currently working with the default cache. While this cache implementation is useful for development and tests, it's recommended to use Caffeine cache in production.You can switch to using Caffeine cache, by adding it and org.springframework.cache.caffeine.CaffeineCacheManager to the classpath.
2025-12-29 08:57:48 [main] INFO  c.e.common.CommonApplicationTests - Started CommonApplicationTests in 8.046 seconds (process running for 9.039)
2025-12-29 08:57:48 [main] INFO  c.a.n.client.config.impl.CacheData - config listener notify warn timeout millis use default 60000 millis 
2025-12-29 08:57:48 [main] INFO  c.a.n.client.config.impl.CacheData - nacos.cache.data.init.snapshot = true 
2025-12-29 08:57:48 [main] INFO  c.a.n.c.config.impl.ClientWorker - [fixed-127.0.0.1_8848] [subscribe] chat.properties+DEFAULT_GROUP
2025-12-29 08:57:48 [main] INFO  c.a.n.client.config.impl.CacheData - [fixed-127.0.0.1_8848] [add-listener] ok, tenant=, dataId=chat.properties, group=DEFAULT_GROUP, cnt=1
2025-12-29 08:57:48 [main] INFO  c.a.c.n.r.NacosContextRefresher - [Nacos Config] Listening config: dataId=chat.properties, group=DEFAULT_GROUP
2025-12-29 08:57:48 [main] INFO  c.a.n.c.config.impl.ClientWorker - [fixed-127.0.0.1_8848] [subscribe] chat+DEFAULT_GROUP
2025-12-29 08:57:48 [main] INFO  c.a.n.client.config.impl.CacheData - [fixed-127.0.0.1_8848] [add-listener] ok, tenant=, dataId=chat, group=DEFAULT_GROUP, cnt=1
2025-12-29 08:57:48 [main] INFO  c.a.c.n.r.NacosContextRefresher - [Nacos Config] Listening config: dataId=chat, group=DEFAULT_GROUP
2025-12-29 08:57:49 [main] INFO  o.s.c.o.FeignClientFactoryBean - For 'AI' URL not provided. Will try picking an instance via load-balancing.
2025-12-29 08:57:49 [main] INFO  o.s.c.o.FeignClientFactoryBean - For 'enterprise' URL not provided. Will try picking an instance via load-balancing.
2025-12-29 08:57:49 [main] INFO  o.s.c.o.FeignClientFactoryBean - For 'search' URL not provided. Will try picking an instance via load-balancing.
2025-12-29 08:57:49 [main] INFO  o.s.c.o.FeignClientFactoryBean - For 'tag' URL not provided. Will try picking an instance via load-balancing.
2025-12-29 08:57:49 [main] INFO  o.s.c.o.FeignClientFactoryBean - For 'users' URL not provided. Will try picking an instance via load-balancing.
2025-12-29 08:57:51 [main] WARN  c.a.c.n.c.NacosPropertySourceBuilder - Ignore the empty nacos configuration and get it based on dataId[chat] & group[DEFAULT_GROUP]
2025-12-29 08:57:51 [main] WARN  c.a.c.n.c.NacosPropertySourceBuilder - Ignore the empty nacos configuration and get it based on dataId[chat.properties] & group[DEFAULT_GROUP]
2025-12-29 08:57:51 [main] WARN  c.a.c.n.c.NacosPropertySourceBuilder - Ignore the empty nacos configuration and get it based on dataId[chat-test.properties] & group[DEFAULT_GROUP]
2025-12-29 08:57:51 [main] INFO  o.s.c.b.c.PropertySourceBootstrapConfiguration - Located property source: [BootstrapPropertySource {name='bootstrapProperties-chat-test.properties,DEFAULT_GROUP'}, BootstrapPropertySource {name='bootstrapProperties-chat.properties,DEFAULT_GROUP'}, BootstrapPropertySource {name='bootstrapProperties-chat,DEFAULT_GROUP'}]
2025-12-29 08:57:51 [main] INFO  c.example.common.feign.AIClientTest - The following 1 profile is active: "test"
2025-12-29 08:57:51 [main] INFO  c.example.common.feign.AIClientTest - Started AIClientTest in 2.211 seconds (process running for 12.381)
2025-12-29 08:57:52 [main] WARN  c.a.c.n.c.NacosPropertySourceBuilder - Ignore the empty nacos configuration and get it based on dataId[chat] & group[DEFAULT_GROUP]
2025-12-29 08:57:52 [main] WARN  c.a.c.n.c.NacosPropertySourceBuilder - Ignore the empty nacos configuration and get it based on dataId[chat.properties] & group[DEFAULT_GROUP]
2025-12-29 08:57:52 [main] WARN  c.a.c.n.c.NacosPropertySourceBuilder - Ignore the empty nacos configuration and get it based on dataId[chat-test.properties] & group[DEFAULT_GROUP]
2025-12-29 08:57:52 [main] INFO  o.s.c.b.c.PropertySourceBootstrapConfiguration - Located property source: [BootstrapPropertySource {name='bootstrapProperties-chat-test.properties,DEFAULT_GROUP'}, BootstrapPropertySource {name='bootstrapProperties-chat.properties,DEFAULT_GROUP'}, BootstrapPropertySource {name='bootstrapProperties-chat,DEFAULT_GROUP'}]
2025-12-29 08:57:52 [main] INFO  c.e.common.feign.BaiduMapClientTest - The following 1 profile is active: "test"
2025-12-29 08:57:52 [main] INFO  c.e.common.feign.BaiduMapClientTest - Started BaiduMapClientTest in 0.483 seconds (process running for 12.884)
2025-12-29 08:57:52 [main] WARN  c.a.c.n.c.NacosPropertySourceBuilder - Ignore the empty nacos configuration and get it based on dataId[chat] & group[DEFAULT_GROUP]
2025-12-29 08:57:52 [main] WARN  c.a.c.n.c.NacosPropertySourceBuilder - Ignore the empty nacos configuration and get it based on dataId[chat.properties] & group[DEFAULT_GROUP]
2025-12-29 08:57:52 [main] WARN  c.a.c.n.c.NacosPropertySourceBuilder - Ignore the empty nacos configuration and get it based on dataId[chat-test.properties] & group[DEFAULT_GROUP]
2025-12-29 08:57:52 [main] INFO  o.s.c.b.c.PropertySourceBootstrapConfiguration - Located property source: [BootstrapPropertySource {name='bootstrapProperties-chat-test.properties,DEFAULT_GROUP'}, BootstrapPropertySource {name='bootstrapProperties-chat.properties,DEFAULT_GROUP'}, BootstrapPropertySource {name='bootstrapProperties-chat,DEFAULT_GROUP'}]
2025-12-29 08:57:52 [main] INFO  c.e.common.feign.BoChaClientTest - The following 1 profile is active: "test"
2025-12-29 08:57:52 [main] INFO  c.e.common.feign.BoChaClientTest - Started BoChaClientTest in 0.49 seconds (process running for 13.384)
2025-12-29 08:57:53 [main] WARN  c.a.c.n.c.NacosPropertySourceBuilder - Ignore the empty nacos configuration and get it based on dataId[chat] & group[DEFAULT_GROUP]
2025-12-29 08:57:53 [main] WARN  c.a.c.n.c.NacosPropertySourceBuilder - Ignore the empty nacos configuration and get it based on dataId[chat.properties] & group[DEFAULT_GROUP]
2025-12-29 08:57:53 [main] WARN  c.a.c.n.c.NacosPropertySourceBuilder - Ignore the empty nacos configuration and get it based on dataId[chat-test.properties] & group[DEFAULT_GROUP]
2025-12-29 08:57:53 [main] INFO  o.s.c.b.c.PropertySourceBootstrapConfiguration - Located property source: [BootstrapPropertySource {name='bootstrapProperties-chat-test.properties,DEFAULT_GROUP'}, BootstrapPropertySource {name='bootstrapProperties-chat.properties,DEFAULT_GROUP'}, BootstrapPropertySource {name='bootstrapProperties-chat,DEFAULT_GROUP'}]
2025-12-29 08:57:53 [main] INFO  c.e.c.feign.EnterpriseClientTest - The following 1 profile is active: "test"
2025-12-29 08:57:53 [main] INFO  c.e.c.feign.EnterpriseClientTest - Started EnterpriseClientTest in 0.516 seconds (process running for 13.911)
2025-12-29 08:57:53 [main] WARN  c.a.c.n.c.NacosPropertySourceBuilder - Ignore the empty nacos configuration and get it based on dataId[chat] & group[DEFAULT_GROUP]
2025-12-29 08:57:53 [main] WARN  c.a.c.n.c.NacosPropertySourceBuilder - Ignore the empty nacos configuration and get it based on dataId[chat.properties] & group[DEFAULT_GROUP]
2025-12-29 08:57:53 [main] WARN  c.a.c.n.c.NacosPropertySourceBuilder - Ignore the empty nacos configuration and get it based on dataId[chat-test.properties] & group[DEFAULT_GROUP]
2025-12-29 08:57:53 [main] INFO  o.s.c.b.c.PropertySourceBootstrapConfiguration - Located property source: [BootstrapPropertySource {name='bootstrapProperties-chat-test.properties,DEFAULT_GROUP'}, BootstrapPropertySource {name='bootstrapProperties-chat.properties,DEFAULT_GROUP'}, BootstrapPropertySource {name='bootstrapProperties-chat,DEFAULT_GROUP'}]
2025-12-29 08:57:53 [main] INFO  c.e.c.f.EnterpriseRecommendationClientTest - The following 1 profile is active: "test"
2025-12-29 08:57:53 [main] INFO  c.e.c.f.EnterpriseRecommendationClientTest - Started EnterpriseRecommendationClientTest in 0.539 seconds (process running for 14.459)
2025-12-29 08:57:54 [main] WARN  c.a.c.n.c.NacosPropertySourceBuilder - Ignore the empty nacos configuration and get it based on dataId[chat] & group[DEFAULT_GROUP]
2025-12-29 08:57:54 [main] WARN  c.a.c.n.c.NacosPropertySourceBuilder - Ignore the empty nacos configuration and get it based on dataId[chat.properties] & group[DEFAULT_GROUP]
2025-12-29 08:57:54 [main] WARN  c.a.c.n.c.NacosPropertySourceBuilder - Ignore the empty nacos configuration and get it based on dataId[chat-test.properties] & group[DEFAULT_GROUP]
2025-12-29 08:57:54 [main] INFO  o.s.c.b.c.PropertySourceBootstrapConfiguration - Located property source: [BootstrapPropertySource {name='bootstrapProperties-chat-test.properties,DEFAULT_GROUP'}, BootstrapPropertySource {name='bootstrapProperties-chat.properties,DEFAULT_GROUP'}, BootstrapPropertySource {name='bootstrapProperties-chat,DEFAULT_GROUP'}]
2025-12-29 08:57:54 [main] INFO  c.e.common.feign.IpifyClientTest - The following 1 profile is active: "test"
2025-12-29 08:57:54 [main] INFO  c.e.common.feign.IpifyClientTest - Started IpifyClientTest in 0.53 seconds (process running for 14.998)
2025-12-29 08:57:54 [main] WARN  c.a.c.n.c.NacosPropertySourceBuilder - Ignore the empty nacos configuration and get it based on dataId[chat] & group[DEFAULT_GROUP]
2025-12-29 08:57:54 [main] WARN  c.a.c.n.c.NacosPropertySourceBuilder - Ignore the empty nacos configuration and get it based on dataId[chat.properties] & group[DEFAULT_GROUP]
2025-12-29 08:57:55 [main] WARN  c.a.c.n.c.NacosPropertySourceBuilder - Ignore the empty nacos configuration and get it based on dataId[chat-test.properties] & group[DEFAULT_GROUP]
2025-12-29 08:57:55 [main] INFO  o.s.c.b.c.PropertySourceBootstrapConfiguration - Located property source: [BootstrapPropertySource {name='bootstrapProperties-chat-test.properties,DEFAULT_GROUP'}, BootstrapPropertySource {name='bootstrapProperties-chat.properties,DEFAULT_GROUP'}, BootstrapPropertySource {name='bootstrapProperties-chat,DEFAULT_GROUP'}]
2025-12-29 08:57:55 [main] INFO  c.e.c.f.LearningPathRecommendationClientTest - The following 1 profile is active: "test"
2025-12-29 08:57:55 [main] INFO  c.e.c.f.LearningPathRecommendationClientTest - Started LearningPathRecommendationClientTest in 0.57 seconds (process running for 15.578)
2025-12-29 08:57:56 [main] WARN  c.a.c.n.c.NacosPropertySourceBuilder - Ignore the empty nacos configuration and get it based on dataId[chat] & group[DEFAULT_GROUP]
2025-12-29 08:57:56 [main] WARN  c.a.c.n.c.NacosPropertySourceBuilder - Ignore the empty nacos configuration and get it based on dataId[chat.properties] & group[DEFAULT_GROUP]
2025-12-29 08:57:56 [main] WARN  c.a.c.n.c.NacosPropertySourceBuilder - Ignore the empty nacos configuration and get it based on dataId[chat-test.properties] & group[DEFAULT_GROUP]
2025-12-29 08:57:56 [main] INFO  o.s.c.b.c.PropertySourceBootstrapConfiguration - Located property source: [BootstrapPropertySource {name='bootstrapProperties-chat-test.properties,DEFAULT_GROUP'}, BootstrapPropertySource {name='bootstrapProperties-chat.properties,DEFAULT_GROUP'}, BootstrapPropertySource {name='bootstrapProperties-chat,DEFAULT_GROUP'}]
2025-12-29 08:57:56 [main] INFO  c.e.common.feign.SearchClientTest - The following 1 profile is active: "test"
2025-12-29 08:57:56 [main] INFO  c.e.common.feign.SearchClientTest - Started SearchClientTest in 1.241 seconds (process running for 16.827)
2025-12-29 08:57:56 [main] WARN  c.a.c.n.c.NacosPropertySourceBuilder - Ignore the empty nacos configuration and get it based on dataId[chat] & group[DEFAULT_GROUP]
2025-12-29 08:57:56 [main] WARN  c.a.c.n.c.NacosPropertySourceBuilder - Ignore the empty nacos configuration and get it based on dataId[chat.properties] & group[DEFAULT_GROUP]
2025-12-29 08:57:56 [main] WARN  c.a.c.n.c.NacosPropertySourceBuilder - Ignore the empty nacos configuration and get it based on dataId[chat-test.properties] & group[DEFAULT_GROUP]
2025-12-29 08:57:56 [main] INFO  o.s.c.b.c.PropertySourceBootstrapConfiguration - Located property source: [BootstrapPropertySource {name='bootstrapProperties-chat-test.properties,DEFAULT_GROUP'}, BootstrapPropertySource {name='bootstrapProperties-chat.properties,DEFAULT_GROUP'}, BootstrapPropertySource {name='bootstrapProperties-chat,DEFAULT_GROUP'}]
2025-12-29 08:57:56 [main] INFO  c.example.common.feign.TagClientTest - The following 1 profile is active: "test"
2025-12-29 08:57:56 [main] INFO  c.example.common.feign.TagClientTest - Started TagClientTest in 0.579 seconds (process running for 17.414)
2025-12-29 08:57:57 [main] WARN  c.a.c.n.c.NacosPropertySourceBuilder - Ignore the empty nacos configuration and get it based on dataId[chat] & group[DEFAULT_GROUP]
2025-12-29 08:57:57 [main] WARN  c.a.c.n.c.NacosPropertySourceBuilder - Ignore the empty nacos configuration and get it based on dataId[chat.properties] & group[DEFAULT_GROUP]
2025-12-29 08:57:57 [main] WARN  c.a.c.n.c.NacosPropertySourceBuilder - Ignore the empty nacos configuration and get it based on dataId[chat-test.properties] & group[DEFAULT_GROUP]
2025-12-29 08:57:57 [main] INFO  o.s.c.b.c.PropertySourceBootstrapConfiguration - Located property source: [BootstrapPropertySource {name='bootstrapProperties-chat-test.properties,DEFAULT_GROUP'}, BootstrapPropertySource {name='bootstrapProperties-chat.properties,DEFAULT_GROUP'}, BootstrapPropertySource {name='bootstrapProperties-chat,DEFAULT_GROUP'}]
2025-12-29 08:57:57 [main] INFO  c.e.common.feign.UsersClientTest - The following 1 profile is active: "test"
2025-12-29 08:57:57 [main] INFO  c.e.common.feign.UsersClientTest - Started UsersClientTest in 0.658 seconds (process running for 18.085)
2025-12-29 08:57:57 [Thread-6] WARN  c.a.nacos.common.notify.NotifyCenter - [NotifyCenter] Start destroying Publisher
2025-12-29 08:57:57 [Thread-6] WARN  c.a.nacos.common.notify.NotifyCenter - [NotifyCenter] Destruction of the end
2025-12-29 08:57:57 [Thread-3] WARN  c.a.n.c.http.HttpClientBeanHolder - [HttpClientBeanHolder] Start destroying common HttpClient
2025-12-29 08:57:57 [Thread-3] WARN  c.a.n.c.http.HttpClientBeanHolder - [HttpClientBeanHolder] Destruction of the end
2025-12-29 08:57:57 [SpringApplicationShutdownHook] INFO  o.s.o.j.LocalContainerEntityManagerFactoryBean - Closing JPA EntityManagerFactory for persistence unit 'default'
2025-12-29 08:57:57 [SpringApplicationShutdownHook] INFO  com.zaxxer.hikari.HikariDataSource - HikariPool-1 - Shutdown initiated...
2025-12-29 08:57:57 [SpringApplicationShutdownHook] INFO  com.zaxxer.hikari.HikariDataSource - HikariPool-1 - Shutdown completed.
